main.c:140:5:main	88	static
main.c:762:6:SystemClock_Config	88	static
main.c:807:13:MX_ADC1_Init	24	static
main.c:857:13:MX_SPI3_Init	8	static
main.c:895:13:MX_TIM3_Init	32	static
main.c:940:13:MX_TIM11_Init	8	static
main.c:971:13:MX_USART2_UART_Init	8	static
main.c:1002:13:MX_DMA_Init	16	static
main.c:1020:13:MX_GPIO_Init	48	static
main.c:1072:6:MCP4922SetOutput	24	static
main.c:1079:6:HAL_SPI_TxCpltCallback	16	static
main.c:1087:6:HAL_TIM_PeriodElapsedCallback	24	static
main.c:1095:17:micros	12	static
main.c:1100:9:UARTRecieveIT	16	static
main.c:1120:6:Error_Handler	4	static,ignoring_inline_asm
